{"synthetic": false,
 "schemaVersion": "2025-09-10",
 "outputs":
 {"o": ["0e3996939cde3c4f.olean"],
  "m": false,
  "i": "c17a7f6556eb1675.ilean",
  "c": "2f77985739434b36.c"},
 "log":
 [{"message":
   ".> LEAN_PATH=/Users/alinashah/no-escalation/lean/.lake/build/lib/lean /Users/alinashah/.elan/toolchains/leanprover--lean4---v4.32.0/bin/lean /Users/alinashah/no-escalation/lean/NoEscalation/Alias.lean -o /Users/alinashah/no-escalation/lean/.lake/build/lib/lean/NoEscalation/Alias.olean -i /Users/alinashah/no-escalation/lean/.lake/build/lib/lean/NoEscalation/Alias.ilean -c /Users/alinashah/no-escalation/lean/.lake/build/ir/NoEscalation/Alias.c --setup /Users/alinashah/no-escalation/lean/.lake/build/ir/NoEscalation/Alias.setup.json --json",
   "level": "trace"}],
 "inputs":
 [["NoEscalation.Alias:deps",
   [["deps",
     [["NoEscalation/NoEscalation:extraDep",
       [["@NoEscalation:extraDep", "00000000000006bb"]]],
      ["imports",
       [["NoEscalation.Warmups transitive imports (legacy)",
         "c3e463d1c9f00a33"],
        ["NoEscalation.Warmups:importAllArts", "1d18f55ba032f2a7"]]]]],
    ["libs",
     [["import dynlibs", "00000000000006bb"],
      ["package external libraries", "00000000000006bb"],
      ["module dynlibs", "00000000000006bb"],
      ["module plugins", "00000000000006bb"]]]]],
  ["Lean 4.32.0, commit 8c9756b28d64dab099da31a4c09229a9e6a2ef35",
   "5d4a267a1ba5cafb"],
  ["/Users/alinashah/no-escalation/lean/NoEscalation/Alias.lean",
   "bc34234d13828808"],
  ["options", "00000000000006bb"],
  ["isModule: false", "feefd2a0d3a1847e"],
  ["Module.name: NoEscalation.Alias", "3736f7a1fec37d65"],
  ["Package.id?: (some NoEscalation)", "c4ea5af0b400fe0e"],
  ["Module.leanArgs: #[]", "00000000000006bb"]],
 "depHash": "9e99773744fcc9e3"}