{"synthetic": false,
 "schemaVersion": "2025-09-10",
 "outputs":
 {"o": ["aceba78e32c7fc6e.olean"],
  "m": false,
  "i": "e7ef05939c440e0c.ilean",
  "c": "90762be7f1ab097d.c"},
 "log":
 [{"message":
   ".> LEAN_PATH=/Users/alinashah/no-escalation/lean/.lake/build/lib/lean /Users/alinashah/.elan/toolchains/leanprover--lean4---v4.32.0/bin/lean /Users/alinashah/no-escalation/lean/NoEscalation/Kernel.lean -o /Users/alinashah/no-escalation/lean/.lake/build/lib/lean/NoEscalation/Kernel.olean -i /Users/alinashah/no-escalation/lean/.lake/build/lib/lean/NoEscalation/Kernel.ilean -c /Users/alinashah/no-escalation/lean/.lake/build/ir/NoEscalation/Kernel.c --setup /Users/alinashah/no-escalation/lean/.lake/build/ir/NoEscalation/Kernel.setup.json --json",
   "level": "trace"}],
 "inputs":
 [["NoEscalation.Kernel:deps",
   [["deps",
     [["NoEscalation/NoEscalation:extraDep",
       [["@NoEscalation:extraDep", "00000000000006bb"]]],
      ["imports", "00000000000006bb"]]],
    ["libs",
     [["import dynlibs", "00000000000006bb"],
      ["package external libraries", "00000000000006bb"],
      ["module dynlibs", "00000000000006bb"],
      ["module plugins", "00000000000006bb"]]]]],
  ["Lean 4.32.0, commit 8c9756b28d64dab099da31a4c09229a9e6a2ef35",
   "5d4a267a1ba5cafb"],
  ["/Users/alinashah/no-escalation/lean/NoEscalation/Kernel.lean",
   "da5de89ee773870e"],
  ["options", "00000000000006bb"],
  ["isModule: false", "feefd2a0d3a1847e"],
  ["Module.name: NoEscalation.Kernel", "68379653cd8f7e1d"],
  ["Package.id?: (some NoEscalation)", "c4ea5af0b400fe0e"],
  ["Module.leanArgs: #[]", "00000000000006bb"]],
 "depHash": "cd935c7b30dec98f"}