{"synthetic": false,
 "schemaVersion": "2025-09-10",
 "outputs":
 {"o": ["e7087beac89a1d9e.olean"],
  "m": false,
  "i": "db936ec87e3e3c5f.ilean",
  "c": "a807c57e88f7534c.c"},
 "log":
 [{"message":
   ".> LEAN_PATH=/Users/alinashah/no-escalation/lean/.lake/build/lib/lean /Users/alinashah/.elan/toolchains/leanprover--lean4---v4.32.0/bin/lean /Users/alinashah/no-escalation/lean/NoEscalation/Sanity.lean -o /Users/alinashah/no-escalation/lean/.lake/build/lib/lean/NoEscalation/Sanity.olean -i /Users/alinashah/no-escalation/lean/.lake/build/lib/lean/NoEscalation/Sanity.ilean -c /Users/alinashah/no-escalation/lean/.lake/build/ir/NoEscalation/Sanity.c --setup /Users/alinashah/no-escalation/lean/.lake/build/ir/NoEscalation/Sanity.setup.json --json",
   "level": "trace"}],
 "inputs":
 [["NoEscalation.Sanity:deps",
   [["deps",
     [["NoEscalation/NoEscalation:extraDep",
       [["@NoEscalation:extraDep", "00000000000006bb"]]],
      ["imports",
       [["NoEscalation.Semantics transitive imports (legacy)",
         "95faf278ea9e2c9a"],
        ["NoEscalation.Semantics:importAllArts", "264510452fde6f98"]]]]],
    ["libs",
     [["import dynlibs", "00000000000006bb"],
      ["package external libraries", "00000000000006bb"],
      ["module dynlibs", "00000000000006bb"],
      ["module plugins", "00000000000006bb"]]]]],
  ["Lean 4.32.0, commit 8c9756b28d64dab099da31a4c09229a9e6a2ef35",
   "5d4a267a1ba5cafb"],
  ["/Users/alinashah/no-escalation/lean/NoEscalation/Sanity.lean",
   "e8a362785bdd19a4"],
  ["options", "00000000000006bb"],
  ["isModule: false", "feefd2a0d3a1847e"],
  ["Module.name: NoEscalation.Sanity", "2d952d5641c17e08"],
  ["Package.id?: (some NoEscalation)", "c4ea5af0b400fe0e"],
  ["Module.leanArgs: #[]", "00000000000006bb"]],
 "depHash": "cb13a63a2d331cae"}