{"synthetic": false,
 "schemaVersion": "2025-09-10",
 "outputs":
 {"o": ["28867d6a5f8beffa.olean"],
  "m": false,
  "i": "c350cde568ff05e7.ilean",
  "c": "b8f3fe4a24343c1d.c"},
 "log":
 [{"message":
   ".> LEAN_PATH=/Users/alinashah/no-escalation/lean/.lake/build/lib/lean /Users/alinashah/.elan/toolchains/leanprover--lean4---v4.32.0/bin/lean /Users/alinashah/no-escalation/lean/NoEscalation/Semantics.lean -o /Users/alinashah/no-escalation/lean/.lake/build/lib/lean/NoEscalation/Semantics.olean -i /Users/alinashah/no-escalation/lean/.lake/build/lib/lean/NoEscalation/Semantics.ilean -c /Users/alinashah/no-escalation/lean/.lake/build/ir/NoEscalation/Semantics.c --setup /Users/alinashah/no-escalation/lean/.lake/build/ir/NoEscalation/Semantics.setup.json --json",
   "level": "trace"},
  {"message": "NoEscalation/Semantics.lean:176:8: declaration uses `sorry`",
   "level": "warning"}],
 "inputs":
 [["NoEscalation.Semantics:deps",
   [["deps",
     [["NoEscalation/NoEscalation:extraDep",
       [["@NoEscalation:extraDep", "00000000000006bb"]]],
      ["imports",
       [["NoEscalation.Kernel transitive imports (legacy)", "00000000000006bb"],
        ["NoEscalation.Kernel:importAllArts", "add3f483f4ea6a9e"]]]]],
    ["libs",
     [["import dynlibs", "00000000000006bb"],
      ["package external libraries", "00000000000006bb"],
      ["module dynlibs", "00000000000006bb"],
      ["module plugins", "00000000000006bb"]]]]],
  ["Lean 4.32.0, commit 8c9756b28d64dab099da31a4c09229a9e6a2ef35",
   "5d4a267a1ba5cafb"],
  ["/Users/alinashah/no-escalation/lean/NoEscalation/Semantics.lean",
   "b44010c7fc572263"],
  ["options", "00000000000006bb"],
  ["isModule: false", "feefd2a0d3a1847e"],
  ["Module.name: NoEscalation.Semantics", "86e41a1c58b621a4"],
  ["Package.id?: (some NoEscalation)", "c4ea5af0b400fe0e"],
  ["Module.leanArgs: #[]", "00000000000006bb"]],
 "depHash": "b70b3a043a094fbe"}