{"synthetic": false,
 "schemaVersion": "2025-09-10",
 "outputs":
 {"o": ["c419ef910d14bc08.olean"],
  "m": false,
  "i": "7810108862ffdaf5.ilean",
  "c": "0d4b5b3121cc6fe4.c"},
 "log":
 [{"message":
   ".> LEAN_PATH=/Users/alinashah/no-escalation/lean/.lake/build/lib/lean /Users/alinashah/.elan/toolchains/leanprover--lean4---v4.32.0/bin/lean /Users/alinashah/no-escalation/lean/NoEscalation/Warmups.lean -o /Users/alinashah/no-escalation/lean/.lake/build/lib/lean/NoEscalation/Warmups.olean -i /Users/alinashah/no-escalation/lean/.lake/build/lib/lean/NoEscalation/Warmups.ilean -c /Users/alinashah/no-escalation/lean/.lake/build/ir/NoEscalation/Warmups.c --setup /Users/alinashah/no-escalation/lean/.lake/build/ir/NoEscalation/Warmups.setup.json --json",
   "level": "trace"}],
 "inputs":
 [["NoEscalation.Warmups:deps",
   [["deps",
     [["NoEscalation/NoEscalation:extraDep",
       [["@NoEscalation:extraDep", "00000000000006bb"]]],
      ["imports",
       [["NoEscalation.Guarded transitive imports (legacy)",
         "8b1838785e9af2f4"],
        ["NoEscalation.Guarded:importAllArts", "8fb025d96eadd1f0"]]]]],
    ["libs",
     [["import dynlibs", "00000000000006bb"],
      ["package external libraries", "00000000000006bb"],
      ["module dynlibs", "00000000000006bb"],
      ["module plugins", "00000000000006bb"]]]]],
  ["Lean 4.32.0, commit 8c9756b28d64dab099da31a4c09229a9e6a2ef35",
   "5d4a267a1ba5cafb"],
  ["/Users/alinashah/no-escalation/lean/NoEscalation/Warmups.lean",
   "c8a7eedab70a21af"],
  ["options", "00000000000006bb"],
  ["isModule: false", "feefd2a0d3a1847e"],
  ["Module.name: NoEscalation.Warmups", "fdf26dc9652933e9"],
  ["Package.id?: (some NoEscalation)", "c4ea5af0b400fe0e"],
  ["Module.leanArgs: #[]", "00000000000006bb"]],
 "depHash": "3ce0dd43a53b0a71"}