{"synthetic": false,
 "schemaVersion": "2025-09-10",
 "outputs":
 {"o": ["6f37b095012a82d4.olean"],
  "m": false,
  "i": "3304a572f92f263e.ilean",
  "c": "872ed73262a24ad1.c"},
 "log":
 [{"message":
   ".> LEAN_PATH=/Users/alinashah/no-escalation/lean/.lake/build/lib/lean /Users/alinashah/.elan/toolchains/leanprover--lean4---v4.32.0/bin/lean /Users/alinashah/no-escalation/lean/NoEscalation.lean -o /Users/alinashah/no-escalation/lean/.lake/build/lib/lean/NoEscalation.olean -i /Users/alinashah/no-escalation/lean/.lake/build/lib/lean/NoEscalation.ilean -c /Users/alinashah/no-escalation/lean/.lake/build/ir/NoEscalation.c --setup /Users/alinashah/no-escalation/lean/.lake/build/ir/NoEscalation.setup.json --json",
   "level": "trace"}],
 "inputs":
 [["NoEscalation:deps",
   [["deps",
     [["NoEscalation/NoEscalation:extraDep",
       [["@NoEscalation:extraDep", "00000000000006bb"]]],
      ["imports",
       [["NoEscalation.Kernel transitive imports (legacy)", "00000000000006bb"],
        ["NoEscalation.Kernel:importAllArts", "add3f483f4ea6a9e"],
        ["NoEscalation.Semantics transitive imports (legacy)",
         "95faf278ea9e2c9a"],
        ["NoEscalation.Semantics:importAllArts", "07e475170254265d"]]]]],
    ["libs",
     [["import dynlibs", "00000000000006bb"],
      ["package external libraries", "00000000000006bb"],
      ["module dynlibs", "00000000000006bb"],
      ["module plugins", "00000000000006bb"]]]]],
  ["Lean 4.32.0, commit 8c9756b28d64dab099da31a4c09229a9e6a2ef35",
   "5d4a267a1ba5cafb"],
  ["/Users/alinashah/no-escalation/lean/NoEscalation.lean", "28f76d317d9d6006"],
  ["options", "00000000000006bb"],
  ["isModule: false", "feefd2a0d3a1847e"],
  ["Module.name: NoEscalation", "e9b65ac67c3dade7"],
  ["Package.id?: (some NoEscalation)", "c4ea5af0b400fe0e"],
  ["Module.leanArgs: #[]", "00000000000006bb"]],
 "depHash": "51a66b3823de88ef"}